Test entry creation to verify Firebase connectivity
